// Jest Snapshot v1, https://goo.gl/fbAQLP

exports[`<CustomerContainer check children /> 1`] = `
<a>
  Checkout
</a>
`;

exports[`<CustomerContainer children required /> 1`] = `null`;

exports[`<CustomerContainer/> 1`] = `
<div>
  test
</div>
`;
