// Jest Snapshot v1, https://goo.gl/fbAQLP

exports[`<OrderStorage check children /> 1`] = `null`;

exports[`<OrderStorage proptypes required /> 1`] = `null`;

exports[`<OrderStorage/> 1`] = `
<div>
  test
</div>
`;
