// Jest Snapshot v1, https://goo.gl/fbAQLP

exports[`<SkuList check children /> 1`] = `null`;

exports[`<SkuList proptypes required /> 1`] = `null`;

exports[`<SkuList/> 1`] = `
<div>
  test
</div>
`;
