// Jest Snapshot v1, https://goo.gl/fbAQLP

exports[`<SkuListsContainer check children /> 1`] = `
<a>
  Checkout
</a>
`;

exports[`<SkuListsContainer/> 1`] = `
<div>
  test
</div>
`;
