// Jest Snapshot v1, https://goo.gl/fbAQLP

exports[`<StockTransfer check children /> 1`] = `null`;

exports[`<StockTransfer proptypes required /> 1`] = `null`;

exports[`<StockTransfer/> 1`] = `null`;
